../Core/Src/main.c:16:6:Leds_Init	16	static
../Core/Src/main.c:41:6:Led_Ctrl	24	static
../Core/Src/main.c:55:6:PA0_input_Init	16	static
../Core/Src/main.c:64:5:PA0_Read	16	static
../Core/Src/main.c:74:6:EXTI0_IRQHandler	16	static
../Core/Src/main.c:87:6:My_Handler	16	static
../Core/Src/main.c:100:6:EXTI_Init	48	static
../Core/Src/main.c:136:6:uart_init	40	static
../Core/Src/main.c:173:6:dma_init	32	static
../Core/Src/main.c:189:6:uart_send	24	static
../Core/Src/main.c:199:6:uart_recv	24	static
../Core/Src/main.c:208:6:uart_send_string	24	static
../Core/Src/main.c:219:6:USART1_IRQHandler	16	static
../Core/Src/main.c:244:48:flash_unlock	16	static
../Core/Src/main.c:258:48:flash_erase	24	static
../Core/Src/main.c:273:48:flash_program	40	static
../Core/Src/main.c:289:48:update	16	static,ignoring_inline_asm
../Core/Src/main.c:304:6:I2C_Init	32	static
../Core/Src/main.c:332:6:I2C_Write	40	static
../Core/Src/main.c:363:10:I2C_Read	40	static
../Core/Src/main.c:425:6:SPI_Init	40	static
../Core/Src/main.c:464:9:SPI_Read_Reg	32	static
../Core/Src/main.c:499:6:SPI_Write_Reg	32	static
../Core/Src/main.c:529:6:RCC_Init	24	static
../Core/Src/main.c:561:5:main	16	static
